
R version 2.15.2 (2012-10-26) -- "Trick or Treat"
Copyright (C) 2012 The R Foundation for Statistical Computing
ISBN 3-900051-07-0
Platform: x86_64-apple-darwin9.8.0/x86_64 (64-bit)

R is free software and comes with ABSOLUTELY NO WARRANTY.
You are welcome to redistribute it under certain conditions.
Type 'license()' or 'licence()' for distribution details.

  Natural language support but running in an English locale

R is a collaborative project with many contributors.
Type 'contributors()' for more information and
'citation()' on how to cite R or R packages in publications.

Type 'demo()' for some demos, 'help()' for on-line help, or
'help.start()' for an HTML browser interface to help.
Type 'q()' to quit R.

[R.app GUI 1.53 (6335) x86_64-apple-darwin9.8.0]

> #Set working directory
> setwd('~/Desktop/Lec 7-1,2,3 Reg')
> #Read in the data
> skeletons = read.table('SkeletonData2.txt', header=T)
> #Attach variable/column names
> attach(skeletons)
> 
> #Scatterplot
> plot(BMIquant, DGDifference, xlab='BMI', ylab='Age difference (years)', main='Scatterplot: Skeleton Age Difference vs BMI')
> #Regression
> #lm=linear model
> #Response variable: DGDifference
> #Predictor variable: BMIquant
> lm(DGDifference~BMIquant)

Call:
lm(formula = DGDifference ~ BMIquant)

Coefficients:
(Intercept)     BMIquant  
   -23.2875       0.4061  

> linreg = lm(DGDifference~BMIquant)
> #Scatterplot with line of best fit
> plot(BMIquant, DGDifference, xlab='BMI', ylab='Age difference (years)', main='Scatterplot: Skeleton Age Difference vs BMI')
> abline(linreg, col='red')
> #Residuals
> linreg$residuals
           1            2            3            4            5            6            7 
-17.07264546   1.93408451 -28.05195219  -3.01539937 -13.40796469   8.74370091  -5.21529869 
           8            9           10           11           12           13           14 
 -5.62588874 -16.82629143  -0.78656670 -12.15120541 -15.90256899   4.85780695  -9.85383189 
          15           16           17           18           19           20           21 
 -2.18369681  -4.17151254 -10.82857383 -32.85433526 -10.70394533 -12.39895232  13.17865951 
          22           23           24           25           26           27           28 
-21.74011200  -2.12683686  10.25176515 -19.52396697 -30.39895232   9.00947255  -4.67335017 
          29           30           31           32           33           34           35 
 33.95439163 -15.97033754  34.24186327  14.91377738  -5.08305071 -11.91158135   7.32080937 
          36           37           38           39           40           41           42 
  9.67504284  -5.81182476   7.41828357   0.32982174 -12.27888861  13.05909916 -14.45441939 
          43           44           45           46           47           48           49 
 11.29466179   3.32893222  13.10060292 -19.26492530 -26.94991320  17.25632994   6.75132039 
          50           51           52           53           54           55           56 
 22.27346516  -0.21529869  -4.52396697   1.70892712  -2.44134560   9.50941394 -13.89711468 
          57           58           59           60           61           62           63 
 -4.52663552  -5.62639211 -24.96844130  -1.81816858 -13.73516106  -1.34704331  16.39252214 
          64           65           66           67           68           69           70 
  6.37360789   7.20175239   5.27296179   4.54507725  -3.46888606  -7.99509224   1.17776999 
          71           72           73           74           75           76           77 
 -3.38042423   4.26077752  25.31001798  -1.37319089 -16.63312208  17.58480198  -2.29018337 
          78           79           80           81           82           83           84 
 16.54368437   5.25760561   8.34428841  20.21571569   1.20531045  -1.41875608   8.46206972 
          85           86           87           88           89           90           91 
 10.52121206  11.13715574 -17.78428431  11.35647268  37.46524163  -1.62093780  -7.15120541 
          92           93           94           95           96           97           98 
-18.54110219  -2.73655394 -22.67690823  10.04285346  -3.78300864  -6.89216374   0.26623182 
          99          100          101          102          103          104          105 
 15.03244822   4.67009190  -9.43550514  17.48098397  -7.35021522  -0.30147813   5.62947765 
         106          107          108          109          110          111          112 
-16.99776079   9.05503773 -17.73960863   9.30050225 -24.86195474   9.18094190  -4.76854197 
         113          114          115          116          117          118          119 
-32.50772127   4.63531811  12.93814593   1.02343585  19.34923935  -5.36874332  -0.27799909 
         120          121          122          123          124          125          126 
  1.07801340 -20.08394022  23.05592725 -27.92871657  -9.43005084  -8.98240460   5.03968155 
         127          128          129          130          131          132          133 
 26.29872322 -19.13457356  17.47831542 -14.87185662   3.08524674   7.15429096  32.73507470 
         134          135          136          137          138          139          140 
 17.47425400   7.66742336   9.16736475  29.47197160  -2.64809211  -2.15209493  11.00630064 
         141          142          143          144          145          146          147 
  2.28019512  -3.47205797   6.77162752  -4.52346361 -23.53615125   2.37004983  24.63899338 
         148          149          150          151          152          153          154 
  5.22739660 -31.81816858  12.38401314  -5.95981508  24.05909916  -6.70762060   7.16736475 
         155          156          157          158          159          160          161 
-20.72158390  20.40609929  -3.06680501   8.46562778  19.46613115  -0.37369426 -18.97656415 
         162          163          164          165          166          167          168 
  4.25810897   2.25087564   7.16825426  12.52032255  22.95984594 -19.23827436   2.15340144 
         169          170          171          172          173          174          175 
-11.04243646 -28.74189103   9.95845306  -0.66928875  17.78241891   7.55459298  -7.98379748 
         176          177          178          179          180          181          182 
 -6.58399883 -18.82895998 -30.14219305   1.23869136   2.19985614  21.56716340  -3.45581227 
         183          184          185          186          187          188          189 
  7.48009445   3.99906730  -3.99687127  -3.82362289  -6.31455192 -35.30731858  14.03968155 
         190          191          192          193          194          195          196 
-12.76397718   2.26801085   6.92101072   8.90704741   0.19807712 -10.77121052   7.66514096 
         197          198          199          200          201          202          203 
  0.29783370   9.81313128   0.45077496  -1.00093270   9.78114325   8.68455857   9.97558827 
         204          205          206          207          208          209          210 
 -2.41697705  23.17776999   0.10733289  -4.66205541 -16.52307746  11.17688048  -0.50087409 
         211          212          213          214          215          216          217 
-43.35110474  -4.59618310 -18.03837503   8.62858814 -10.83441428  -0.35605568   6.83572080 
         218          219          220          221          222          223          224 
  1.91199835  -6.64492020 -12.11693498 -18.40757854  10.20531045   4.43998357  -5.57181456 
         225          226          227          228          229          230          231 
 -6.51584412 -22.50226697   6.53250682  -0.06591549 -15.32990810  19.75855373   7.77340655 
         232          233          234          235          236          237          238 
  7.25632994 -19.55595501  15.47197160  -1.38409950   1.68773048   5.40432026  -7.18636535 
         239          240          241          242          243          244          245 
 17.46473827  -9.42738229 -14.61242880  16.14438908   0.24770373   6.15974526  -6.81004573 
         246          247          248          249          250          251          252 
-16.10652974 -18.01806791   9.87455602   6.38490265   3.92951972   3.33933747  -2.91119520 
         253          254          255          256          257          258          259 
 11.89258075  -2.60519547  -4.56140931  19.53834728  -2.46888606  -5.46482463   8.50763491 
         260          261          262          263          264          265          266 
 -6.12455447  20.21343330  19.01214109  -3.36239950   0.57172819  11.56944580 -13.48284936 
         267          268          269          270          271          272          273 
 20.41193975  10.98916542   1.52705252   1.54240870  -4.02936267  -0.49008269   3.22422469 
         274          275          276          277          278          279          280 
 -6.41570139 -19.86512665   8.99133060  12.81224177 -12.72475581   3.63125668  -3.30553955 
         281          282          283          284          285          286          287 
-17.36506804   1.39302550 -24.64035541 -21.09840689   4.58302295  17.06316058  -7.33168713 
         288          289          290          291          292          293          294 
-14.58666737   1.16380669  26.02343585  -4.05462073   0.70575521  21.36459553   9.49227873 
         295          296          297          298          299          300          301 
-14.26492530 -20.46571415  -3.44768942 -27.34704331   6.82264701   7.73101327 -14.97250272 
         302          303          304          305          306          307          308 
 -5.09306980  -4.30693243  12.52070870 -14.13584923 -14.19766011  11.16964714  13.33299365 
         309          310          311          312          313          314          315 
 12.67148478   9.72060803  -7.89622517   5.08168868   2.34974271  13.98282160  21.68633760 
         316          317          318          319          320          321          322 
 -3.91475326  48.60244056 -11.56407785   0.66920238  16.22066663  -7.34437477  16.71704997 
         323          324          325          326          327          328          329 
 16.49316824 -11.17468445  23.12814338   3.42234499  -7.27393767 -16.76448055  10.42729593 
         330          331          332          333          334          335          336 
 -1.30642907  33.33527604   6.76617321   4.99589539  -0.03976791   1.49227873  18.77479943 
         337          338          339          340          341          342          343 
 14.41650454 -13.51445124 -43.18230393 -23.68008014 -36.01083458   1.98282160  -2.95714654 
         344          345          346          347          348          349          350 
-11.52435312   3.86871556  -7.59479022 -10.40657180   4.01214109  15.40838169  -8.89901093 
         351          352          353          354          355          356          357 
  3.46435212   1.92507214   8.08930816  28.78381179   2.38807456  16.22422469  -1.20628633 
         358          359          360          361          362          363          364 
 -1.71663297  -6.80281240 -15.71841199   3.99005494   8.21699136  21.10060292   3.11011865 
         365          366          367          368          369          370          371 
 15.73012376  -1.63946590  -3.13902114  11.91783881 -13.93594990   2.50991731  11.00719015 
         372          373          374          375          376          377          378 
 -5.78478767  16.62185817 -32.31226952   9.76845561   1.96251448 -27.30058861  16.52388061 
         379          380          381          382          383          384          385 
  0.51804015  11.50268397 -18.15615635   7.29733034  10.73151664  13.55002819 -10.86373377 
         386          387          388          389          390          391          392 
 11.14121717 -23.58171643  -6.22024963  14.92596166   7.29961273  -2.58527449  -9.52485649 
         393          394          395          396          397          398          399 
  6.02343585 -11.45441939 -11.62639211 -26.36011710 -26.20083202  -1.09434547   8.14756099 
         400 
  5.87494217 
> #mean(residuals) = 0
> mean(linreg$residuals)
[1] 7.346912e-16
> summary(linreg)

Call:
lm(formula = DGDifference ~ BMIquant)

Residuals:
    Min      1Q  Median      3Q     Max 
-43.351  -7.918   0.545   9.171  48.602 

Coefficients:
            Estimate Std. Error t value Pr(>|t|)    
(Intercept) -23.2875     3.3973  -6.855 2.73e-11 ***
BMIquant      0.4061     0.1478   2.749  0.00625 ** 
---
Signif. codes:  0 ‘***’ 0.001 ‘**’ 0.01 ‘*’ 0.05 ‘.’ 0.1 ‘ ’ 1 

Residual standard error: 14.01 on 398 degrees of freedom
Multiple R-squared: 0.01863,	Adjusted R-squared: 0.01616 
F-statistic: 7.556 on 1 and 398 DF,  p-value: 0.006255 

> 